-- Test to ensure we correctly report progress in pg_stat_progress_create_index
-- for append-optimized tables

-- AO table
CREATE TABLE ao_index_build_progress(i int, j bigint) USING ao_row WITH (compresstype=zstd, compresslevel=2);
CREATE TABLE

-- Insert all tuples to seg1.
INSERT INTO ao_index_build_progress SELECT 0, i FROM generate_series(1, 100000) i;
INSERT 0 100000
INSERT INTO ao_index_build_progress SELECT 2, i FROM generate_series(1, 100000) i;
INSERT 0 100000
INSERT INTO ao_index_build_progress SELECT 5, i FROM generate_series(1, 100000) i;
INSERT 0 100000

-- Suspend execution when some blocks have been read.
SELECT gp_inject_fault('AppendOnlyStorageRead_ReadNextBlock_success', 'suspend', '', '', '', 10, 10, 0, dbid) FROM gp_segment_configuration WHERE content > -1 AND role = 'p';
 gp_inject_fault 
-----------------
 Success:        
 Success:        
 Success:        
(3 rows)

1&: CREATE INDEX ON ao_index_build_progress(i);  <waiting ...>

-- Wait until some AO varblocks have been read.
SELECT gp_wait_until_triggered_fault('AppendOnlyStorageRead_ReadNextBlock_success', 10, dbid) FROM gp_segment_configuration WHERE content > -1 AND role = 'p';
 gp_wait_until_triggered_fault 
-------------------------------
 Success:                      
 Success:                      
 Success:                      
(3 rows)

-- By now, we should have reported some blocks (of size 'block_size') as "done",
-- as well as a total number of blocks that matches the relation's on-disk size.
SELECT command, phase, (pg_relation_size('ao_index_build_progress') + (current_setting('block_size')::int - 1)) / current_setting('block_size')::int AS blocks_total_actual, blocks_total AS blocks_total_reported, blocks_done AS blocks_done_reported FROM gp_stat_progress_create_index WHERE gp_segment_id = 1 AND relid = 'ao_index_build_progress'::regclass;
 command      | phase                          | blocks_total_actual | blocks_total_reported | blocks_done_reported 
--------------+--------------------------------+---------------------+-----------------------+----------------------
 CREATE INDEX | building index: scanning table | 10                  | 10                    | 2                    
(1 row)
-- The same should be true for the summary view, and the total number of blocks should be tripled.
SELECT command, phase, blocks_total, blocks_done FROM gp_stat_progress_create_index_summary WHERE relid = 'ao_index_build_progress'::regclass;
 command      | phase                          | blocks_total | blocks_done 
--------------+--------------------------------+--------------+-------------
 CREATE INDEX | building index: scanning table | 30           | 6           
(1 row)

SELECT gp_inject_fault('AppendOnlyStorageRead_ReadNextBlock_success', 'reset', dbid) FROM gp_segment_configuration WHERE content > -1 AND role = 'p';
 gp_inject_fault 
-----------------
 Success:        
 Success:        
 Success:        
(3 rows)

1<:  <... completed>
CREATE INDEX

-- AOCO table
CREATE TABLE aoco_index_build_progress(i int, j int ENCODING (compresstype=zstd, compresslevel=2)) USING ao_column;
CREATE TABLE

-- Insert all tuples to seg1.
INSERT INTO aoco_index_build_progress SELECT 0, i FROM generate_series(1, 100000) i;
INSERT 0 100000
INSERT INTO aoco_index_build_progress SELECT 2, i FROM generate_series(1, 100000) i;
INSERT 0 100000
INSERT INTO aoco_index_build_progress SELECT 5, i FROM generate_series(1, 100000) i;
INSERT 0 100000

-- Suspend execution when some blocks have been read.
SELECT gp_inject_fault('AppendOnlyStorageRead_ReadNextBlock_success', 'suspend', '', '', '', 5, 5, 0, dbid) FROM gp_segment_configuration WHERE content > -1 AND role = 'p';
 gp_inject_fault 
-----------------
 Success:        
 Success:        
 Success:        
(3 rows)

1&: CREATE INDEX ON aoco_index_build_progress(i);  <waiting ...>

-- Wait until some AOCO varblocks have been read.
SELECT gp_wait_until_triggered_fault('AppendOnlyStorageRead_ReadNextBlock_success', 5, dbid) FROM gp_segment_configuration WHERE content > -1 AND role = 'p';
 gp_wait_until_triggered_fault 
-------------------------------
 Success:                      
 Success:                      
 Success:                      
(3 rows)

-- By now, we should have reported some blocks (of size 'block_size') as "done",
-- as well as a total number of blocks that matches the relation's on-disk size.
-- Note: all blocks for the relation have to be scanned as we are building an
-- index for the first time and a block directory has to be created.
SELECT command, phase, (pg_relation_size('aoco_index_build_progress') + (current_setting('block_size')::int - 1)) / current_setting('block_size')::int AS blocks_total_actual, blocks_total AS blocks_total_reported, blocks_done AS blocks_done_reported FROM gp_stat_progress_create_index WHERE gp_segment_id = 1 AND relid = 'aoco_index_build_progress'::regclass;
 command      | phase                          | blocks_total_actual | blocks_total_reported | blocks_done_reported 
--------------+--------------------------------+---------------------+-----------------------+----------------------
 CREATE INDEX | building index: scanning table | 20                  | 20                    | 4                    
(1 row)
-- The same should be true for the summary view, and the total number of blocks should be tripled.
SELECT command, phase, blocks_total, blocks_done FROM gp_stat_progress_create_index_summary WHERE relid = 'aoco_index_build_progress'::regclass;
 command      | phase                          | blocks_total | blocks_done 
--------------+--------------------------------+--------------+-------------
 CREATE INDEX | building index: scanning table | 60           | 12          
(1 row)

SELECT gp_inject_fault('AppendOnlyStorageRead_ReadNextBlock_success', 'reset', dbid) FROM gp_segment_configuration WHERE content > -1 AND role = 'p';
 gp_inject_fault 
-----------------
 Success:        
 Success:        
 Success:        
(3 rows)

1<:  <... completed>
CREATE INDEX

-- Repeat the test for another index build

-- Suspend execution when some blocks have been read.
SELECT gp_inject_fault('AppendOnlyStorageRead_ReadNextBlock_success', 'suspend', '', '', '', 5, 5, 0, dbid) FROM gp_segment_configuration WHERE content > -1 AND role = 'p';
 gp_inject_fault 
-----------------
 Success:        
 Success:        
 Success:        
(3 rows)

1&: CREATE INDEX ON aoco_index_build_progress(j);  <waiting ...>

-- Wait until some AOCO varblocks have been read.
SELECT gp_wait_until_triggered_fault('AppendOnlyStorageRead_ReadNextBlock_success', 5, dbid) FROM gp_segment_configuration WHERE content > -1 AND role = 'p';
 gp_wait_until_triggered_fault 
-------------------------------
 Success:                      
 Success:                      
 Success:                      
(3 rows)

-- By now, we should have reported some blocks (of size 'block_size') as "done",
-- as well as a total number of blocks that matches the size of col j's segfile.
-- Note: since we already had a block directory prior to the index build on
-- column 'j', only column 'j' will be scanned.
1U: SELECT command, phase, ((pg_stat_file(pg_relation_filepath('aoco_index_build_progress') || '.' || 129)).size + (current_setting('block_size')::int - 1)) / current_setting('block_size')::int AS col_j_blocks, blocks_total AS blocks_total_reported, blocks_done AS blocks_done_reported FROM gp_stat_progress_create_index WHERE gp_segment_id = 1 AND relid = 'aoco_index_build_progress'::regclass;
 command      | phase                          | col_j_blocks | blocks_total_reported | blocks_done_reported 
--------------+--------------------------------+--------------+-----------------------+----------------------
 CREATE INDEX | building index: scanning table | 8            | 8                     | 3                    
(1 row)
-- The same should be true for the summary view, and the total number of blocks should be tripled.
SELECT command, phase, blocks_total, blocks_done FROM gp_stat_progress_create_index_summary WHERE relid = 'aoco_index_build_progress'::regclass;
 command      | phase                          | blocks_total | blocks_done 
--------------+--------------------------------+--------------+-------------
 CREATE INDEX | building index: scanning table | 24           | 9           
(1 row)

SELECT gp_inject_fault('AppendOnlyStorageRead_ReadNextBlock_success', 'reset', dbid) FROM gp_segment_configuration WHERE content > -1 AND role = 'p';
 gp_inject_fault 
-----------------
 Success:        
 Success:        
 Success:        
(3 rows)

1<:  <... completed>
CREATE INDEX
