-- While a tablespace is being dropped, if any table is created
-- in the same tablespace, the data of that table should not be deleted

-- create a tablespace directory
!\retcode rm -rf /tmp/concurrent_tblspace;
-- start_ignore

-- end_ignore
(exited with code 0)
!\retcode mkdir -p /tmp/concurrent_tblspace;
-- start_ignore

-- end_ignore
(exited with code 0)

CREATE TABLESPACE concurrent_tblspace LOCATION '/tmp/concurrent_tblspace';
CREATE TABLESPACE

-- suspend execution after TablespaceCreateLock is released
SELECT gp_inject_fault('AfterTablespaceCreateLockRelease', 'suspend', dbid) FROM gp_segment_configuration WHERE content <> -1 and role='p';
 gp_inject_fault 
-----------------
 Success:        
 Success:        
 Success:        
(3 rows)
1&:DROP TABLESPACE concurrent_tblspace;  <waiting ...>

-- wait for the fault to be triggered
SELECT gp_wait_until_triggered_fault('AfterTablespaceCreateLockRelease', 1, dbid) from gp_segment_configuration where content <> -1 and role='p';
 gp_wait_until_triggered_fault 
-------------------------------
 Success:                      
 Success:                      
 Success:                      
(3 rows)

-- create a table in the same tablespace which is being dropped via a concurrent session
CREATE TABLE drop_tablespace_tbl(a int, b int) TABLESPACE concurrent_tblspace DISTRIBUTED BY (a);
CREATE TABLE
INSERT INTO drop_tablespace_tbl SELECT i, i FROM generate_series(1,100)i;
INSERT 0 100
-- reset the fault, drop tablespace command will not delete the data files on the tablespace
SELECT gp_inject_fault('AfterTablespaceCreateLockRelease', 'reset', dbid) FROM gp_segment_configuration WHERE content <> -1 and role='p';
 gp_inject_fault 
-----------------
 Success:        
 Success:        
 Success:        
(3 rows)
1<:  <... completed>
DROP TABLESPACE
-- check data exists
SELECT count(*) FROM drop_tablespace_tbl;
 count 
-------
 100   
(1 row)
-- move to another tablespace and check the data.
ALTER TABLE drop_tablespace_tbl SET TABLESPACE pg_default;
ALTER TABLE
SELECT count(*) FROM drop_tablespace_tbl;
 count 
-------
 100   
(1 row)
