--
-- Test: cpuset cannot be specified when group is disabled.
--
-- start_ignore
DROP RESOURCE GROUP resource_group1;
ERROR:  resource group "resource_group1" does not exist
-- end_ignore
CREATE RESOURCE GROUP resource_group1 WITH (cpuset='0');
ERROR:  resource group must be enabled to use cpuset feature
CREATE RESOURCE GROUP resource_group1 WITH (cpu_max_percent=5);
WARNING:  resource group is disabled
HINT:  To enable set gp_resource_manager=group
ALTER RESOURCE GROUP resource_group1 SET cpuset '0';
ERROR:  resource group must be enabled to use cpuset feature
DROP RESOURCE GROUP resource_group1;
